Resolving dependencies...
Downloading packages...
  _fe_analyzer_shared 103.0.0 (105.0.0 available)
  analyzer 13.3.0 (14.1.0 available)
  code_assets 1.2.1 (2.0.0 available)
  hooks 2.0.2 (2.2.0 available)
  material_color_utilities 0.13.0 (0.13.1 available)
  meta 1.18.3 (1.19.0 available)
  objective_c 9.5.0 (9.6.0 available)
  package_config 2.2.0 (3.0.0 available)
  record_use 0.6.0 (1.1.1 available)
  test 1.31.1 (1.31.2 available)
  test_api 0.7.12 (0.7.13 available)
  test_core 0.6.18 (0.6.19 available)
  vector_math 2.4.0 (2.4.2 available)
Got dependencies!
13 packages have newer versions incompatible with dependency constraints.
Try `flutter pub outdated` for more information.
Launching lib\main.dart on Web Server in debug mode...
Waiting for connection from debug service on Web Server...         44.1s
lib\main.dart is being served at http://localhost:5555
The web-server device requires the Dart Debug Chrome extension for debugging. Consider using the Chrome or Edge devices for an improved development workflow.

Flutter run key commands.
r Hot reload. 
R Hot restart.
h List all available interactive commands.
d Detach (terminate "flutter run" but leave application running).
c Clear the screen
q Quit (terminate the application on the device).

